// Jest Snapshot v1, https://goo.gl/fbAQLP

exports[`exports 1`] = `[Function]`;

exports[`exports 2`] = `[Function]`;
